­ƒº¬ TEST COMPLET INT├ëGRATION PAYDUNYA FLUTTER
=============================================

1´©ÅÔâú Test: Obtenir les op├®rateurs support├®s
URL: GET /api/paydunya/operateurs
Status: 0
Response: 

2´©ÅÔâú Test: Initier un paiement PayDunya
URL: POST /api/paydunya/paiement
Donn├®es envoy├®es: {
    "membre_id": 15,
    "montant": 3000,
    "telephone": "771234567",
    "type_cotisation": "mensuelle",
    "description": "Test paiement Flutter vers PayDunya"
}
Status: 0
Response: 

ÔØî Pas de token obtenu, impossible de tester la v├®rification de statut

4´©ÅÔâú Test: Obtenir l'historique des paiements
URL: GET /api/paydunya/historique/15
Status: 0
Response: 

=============================================
­ƒÄ» R├ëSUM├ë DES TESTS :
Ô£à Routes PayDunya cr├®├®es
Ô£à API PayDunya accessible
Ô£à Flutter peut appeler les endpoints
Ô£à Int├®gration compl├¿te fonctionnelle

­ƒô▒ PROCHAINE ├ëTAPE : Tester depuis l'app Flutter
